Command: /home/totoleb/.espressif/python_env/idf6.0_py3.12_env/bin/python /home/totoleb/esp/esp-idf/tools/idf_monitor.py -p /dev/ttyACM0 -b 115200 --toolchain-prefix xtensa-esp32s3-elf- --target esp32s3 --revision 0 /home/totoleb/Documents/esp32/esp32_cam/build/esp32_cam.elf /home/totoleb/Documents/esp32/esp32_cam/build/bootloader/bootloader.elf -m '/home/totoleb/.espressif/python_env/idf6.0_py3.12_env/bin/python' '/home/totoleb/esp/esp-idf/tools/idf.py'
[0;32mI (114) esp_image: segment 1: paddr=00034d4c vaddr=3fc9c900 sizeESP-ROM:esp32s3-20210327[0m
Build:Mar 27 2021
rst:0x15 (USB_UART_CHIP_RESET),boot:0x8 (SPI_FAST_FLASH_BOOT)
Saved PC:0x40056f64
SPIWP:0xee
mode:DIO, clock div:1
load:0x3fce2820,len:0x1588
load:0x403c8700,len:0xd20
load:0x403cb700,len:0x2f2c
entry 0x403c8924
[0;32mI (24) boot: ESP-IDF v6.0-dev-1489-g4e036983a7 2nd stage bootloader[0m
[0;32mI (25) boot: compile time Aug 14 2025 20:25:49[0m
[0;32mI (25) boot: Multicore bootloader[0m
[0;32mI (26) boot: chip revision: v0.2[0m
[0;32mI (29) boot: efuse block revision: v1.3[0m
[0;32mI (33) boot.esp32s3: Boot SPI Speed : 80MHz[0m
[0;32mI (37) boot.esp32s3: SPI Mode       : DIO[0m
[0;32mI (40) boot.esp32s3: SPI Flash Size : 2MB[0m
[0;32mI (44) boot: Enabling RNG early entropy source...[0m
[0;32mI (49) boot: Partition Table:[0m
[0;32mI (51) boot: ## Label            Usage          Type ST Offset   Length[0m
[0;32mI (58) boot:  0 nvs              WiFi data        01 02 00009000 00006000[0m
[0;32mI (64) boot:  1 phy_init         RF data          01 01 0000f000 00001000[0m
[0;32mI (71) boot:  2 factory          factory app      00 00 00010000 00100000[0m
[0;32mI (77) boot: End of partition table[0m
[0;32mI (80) esp_image: segment 0: paddr=00010020 vaddr=3c0b0020 size=24d24h (150820) map[0m
[0;32mI (114) esp_image: segment 1: paddr=00034d4c vaddr=3fc9c900 size=076a4h ( 30372) load[0m
[0;32mI (121) esp_image: segment 2: paddr=0003c3f8 vaddr=40374000 size=03c20h ( 15392) load[0m
[0;32mI (125) esp_image: segment 3: paddr=00040020 vaddr=42000020 size=a8a44h (690756) map[0m
[0;32mI (247) esp_image: segment 4: paddr=000e8a6c vaddr=40377c20 size=14c5ch ( 85084) load[0m
[0;32mI (266) esp_image: segment 5: paddr=000fd6d0 vaddr=50000000 size=00020h (    32) load[0m
[0;32mI (278) boot: Loaded app from partition at offset 0x10000[0m
[0;32mI (278) boot: Disabling RNG early entropy source...[0m
[0;32mI (288) octal_psram: vendor id    : 0x0d (AP)[0m
[0;32mI (288) octal_psram: dev id       : 0x02 (generation 3)[0m
[0;32mI (288) octal_psram: density      : 0x03 (64 Mbit)[0m
[0;32mI (290) octal_psram: good-die     : 0x01 (Pass)[0m
[0;32mI (294) octal_psram: Latency      : 0x01 (Fixed)[0m
[0;32mI (299) octal_psram: VCC          : 0x01 (3V)[0m
[0;32mI (303) octal_psram: SRF          : 0x01 (Fast Refresh)[0m
[0;32mI (308) octal_psram: BurstType    : 0x01 (Hybrid Wrap)[0m
[0;32mI (313) octal_psram: BurstLen     : 0x01 (32 Byte)[0m
[0;32mI (317) octal_psram: Readlatency  : 0x02 (10 cycles@Fixed)[0m
[0;32mI (322) octal_psram: DriveStrength: 0x00 (1/1)[0m
[0;32mI (327) MSPI Timing: PSRAM timing tuning index: 5[0m
[0;32mI (331) esp_psram: Found 8MB PSRAM device[0m
[0;32mI (335) esp_psram: Speed: 80MHz[0m
[0;32mI (338) cpu_start: Multicore app[0m
[0;32mI (773) esp_psram: SPI SRAM memory test OK[0m
[0;32mI (781) cpu_start: GPIO 44 and 43 are used as console UART I/O pins[0m
[0;32mI (782) cpu_start: Pro cpu start user code[0m
[0;32mI (782) cpu_start: cpu freq: 160000000 Hz[0m
[0;32mI (784) app_init: Application information:[0m
[0;32mI (788) app_init: Project name:     esp32_cam[0m
[0;32mI (792) app_init: App version:      1[0m
[0;32mI (795) app_init: Compile time:     Aug 14 2025 20:25:40[0m
[0;32mI (800) app_init: ELF file SHA256:  daa9075dc...[0m
[0;32mI (804) app_init: ESP-IDF:          v6.0-dev-1489-g4e036983a7[0m
[0;32mI (810) efuse_init: Min chip rev:     v0.0[0m
[0;32mI (814) efuse_init: Max chip rev:     v0.99 [0m
[0;32mI (818) efuse_init: Chip rev:         v0.2[0m
[0;32mI (822) heap_init: Initializing. RAM available for dynamic allocation:[0m
[0;32mI (828) heap_init: At 3FCA8D40 len 000409D0 (258 KiB): RAM[0m
[0;32mI (833) heap_init: At 3FCE9710 len 00005724 (21 KiB): RAM[0m
[0;32mI (838) heap_init: At 3FCF0000 len 00008000 (32 KiB): DRAM[0m
[0;32mI (843) heap_init: At 600FE000 len 00001FE8 (7 KiB): RTCRAM[0m
[0;32mI (849) esp_psram: Adding pool of 8192K of PSRAM memory to heap allocator[0m
[0;32mI (856) spi_flash: detected chip: gd[0m
[0;32mI (858) spi_flash: flash io: dio[0m
[0;33mW (861) spi_flash: Detected size(8192k) larger than the size in the binary image header(2048k). Using the size in the binary image header.[0m
[0;32mI (874) sleep_gpio: Configure to isolate all GPIO pins in sleep state[0m
[0;32mI (880) sleep_gpio: Enable automatic switching of GPIO sleep configuration[0m
[0;32mI (887) main_task: Started on CPU0[0m
[0;32mI (897) esp_psram: Reserving pool of 32K of internal memory for DMA/internal allocations[0m
[0;32mI (897) main_task: Calling app_main()[0m
[0;32mI (897) ESP32_CAM: üöÄ Starting ESP32 CAM application...[0m
[0;32mI (927) s3 ll_cam: DMA Channel=0[0m
[0;32mI (927) cam_hal: cam init ok[0m
[0;32mI (927) sccb-ng: pin_sda 40 pin_scl 39[0m
[0;32mI (927) sccb-ng: sccb_i2c_port=1[0m
[0;32mI (937) camera: Camera PID=0x26 VER=0x42 MIDL=0x7f MIDH=0xa2[0m
[0;32mI (937) camera: Detected OV2640 camera[0m
[0;32mI (937) camera: Detected camera at address=0x30[0m
[0;32mI (1007) cam_hal: PSRAM DMA mode enabled[0m
[0;32mI (1007) cam_hal: buffer_size: 61440, half_buffer_size: 1024, node_buffer_size: 1024, node_cnt: 60, total_cnt: 61[0m
[0;32mI (1007) cam_hal: Allocating 62480 Byte frame buffer in PSRAM[0m
[0;32mI (1017) cam_hal: Frame[0]: Offset: 16, Addr: 0x3C0E0EB0[0m
[0;32mI (1017) cam_hal: Allocating 62480 Byte frame buffer in PSRAM[0m
[0;32mI (1027) cam_hal: Frame[1]: Offset: 16, Addr: 0x3C0F02E0[0m
[0;32mI (1027) cam_hal: cam config ok[0m
[0;32mI (1037) ov2640: Set PLL: clk_2x: 0, clk_div: 0, pclk_auto: 0, pclk_div: 8[0m
[0;32mI (1097) ov2640: Set PLL: clk_2x: 0, clk_div: 0, pclk_auto: 0, pclk_div: 8[0m
cam_hal: NO-SOI - JPEG start marker missing
cam_hal: NO-SOI - JPEG start marker missing (PSRAM)
[0;32mI (1147) CAMERA: Cam√©ra initialis√©e avec succ√®s.[0m
[0;32mI (1147) ESP32_CAM: üì∑ Camera initialized successfully[0m
[0;32mI (1147) pp: pp rom version: e7ae62f[0m
[0;32mI (1147) net80211: net80211 rom version: e7ae62f[0m
[0;32mI (1157) wifi:wifi driver task: 3fceea28, prio:23, stack:6656, core=0[0m
[0;32mI (1167) wifi:wifi firmware version: 5984c42[0m
[0;32mI (1167) wifi:wifi certification version: v7.0[0m
[0;32mI (1167) wifi:config NVS flash: enabled[0m
[0;32mI (1167) wifi:config nano formatting: disabled[0m
[0;32mI (1177) wifi:Init data frame dynamic rx buffer num: 32[0m
[0;32mI (1177) wifi:Init static rx mgmt buffer num: 5[0m
[0;32mI (1187) wifi:Init management short buffer num: 32[0m
[0;32mI (1187) wifi:Init dynamic tx buffer num: 32[0m
[0;32mI (1187) wifi:Init static tx FG buffer num: 2[0m
[0;32mI (1197) wifi:Init static rx buffer size: 1600[0m
[0;32mI (1197) wifi:Init static rx buffer num: 10[0m
[0;32mI (1207) wifi:Init dynamic rx buffer num: 32[0m
[0;32mI (1207) wifi_init: rx ba win: 6[0m
[0;32mI (1207) wifi_init: accept mbox: 6[0m
[0;32mI (1217) wifi_init: tcpip mbox: 32[0m
[0;32mI (1217) wifi_init: udp mbox: 6[0m
[0;32mI (1217) wifi_init: tcp mbox: 6[0m
[0;32mI (1227) wifi_init: tcp tx win: 5760[0m
[0;32mI (1227) wifi_init: tcp rx win: 5760[0m
[0;32mI (1227) wifi_init: tcp mss: 1440[0m
[0;32mI (1227) wifi_init: WiFi IRAM OP enabled[0m
[0;32mI (1237) wifi_init: WiFi RX IRAM OP enabled[0m
[0;32mI (1237) WifiManager: Starting WiFi station...[0m
[0;32mI (1247) phy_init: phy_version 701,f4f1da3a,Mar  3 2025,15:50:10[0m
[0;32mI (1287) phy_init: Saving new calibration data due to checksum failure or outdated calibration data, mode(0)[0m
[0;32mI (1297) wifi:mode : sta (cc:ba:97:16:28:a0)[0m
[0;32mI (1307) wifi:enable tsf[0m
[0;32mI (1307) ESP_NOW_COMMS: üöÄ Initializing ESP-NOW...[0m
[0;32mI (1307) WifiManager: Wi-Fi station started[0m
[0;32mI (1307) ESP_NOW_COMMS: üìç My MAC: cc:ba:97:16:28:a0[0m
[0;32mI (1307) ESPNOW: espnow [version: 2.0] init[0m
[0;32mI (1317) ESP_NOW_COMMS: ‚úÖ Broadcast peer configured.[0m
[0;32mI (1317) ESP_NOW_COMMS: üéØ ESP-NOW initialized with broadcast configured[0m
[0;32mI (1327) ESP32_CAM: ü§ù Starting ESP-NOW peer discovery...[0m
[0;32mI (1327) ESP_NOW_COMMS: üîç Starting peer discovery...[0m
[0;32mI (1337) ESP_NOW_COMMS: üîÑ Peer MAC loaded from NVS: cc:ba:97:0e:81:e4[0m
[0;32mI (1347) ESP_NOW_COMMS: ‚ûï Peer loaded from NVS and added for communication: cc:ba:97:0e:81:e4[0m
[0;32mI (1347) ESP_NOW_COMMS: üéâ Peer found in NVS. Discovery complete.[0m
[0;32mI (1357) ESP32_CAM: üéØ Device role determined: SLAVE ü§ñ[0m
[0;32mI (1367) ESP32_CAM: üîë WiFi credentials found in NVS. Connecting to 'thomas'[0m
[0;32mI (1367) ESP32_CAM: üîç Monitoring WiFi status (initial: Disconnected)[0m
[0;33mW (1377) ESP32_CAM: üîÑ Wi-Fi still down. Attempting reconnection...[0m
[0;33mW (1387) wifi:Haven't to connect to a suitable AP now![0m
[0;32mI (1387) WifiManager: Not connected, ensuring Wi-Fi is stopped before reconfig...[0m
[0;32mI (1397) wifi:flush txq[0m
[0;32mI (1397) wifi:stop sw txq[0m
[0;32mI (1397) wifi:lmac stop hw txq[0m
[0;32mI (1397) WifiManager: Not connected, ensuring Wi-Fi is stopped before reconfig...[0m
[0;32mI (1597) wifi:mode : sta (cc:ba:97:16:28:a0)[0m
[0;32mI (1597) wifi:enable tsf[0m
[0;32mI (1597) WifiManager: Attempting to connect to SSID: thomas[0m
[0;32mI (1597) WifiManager: Wi-Fi station started[0m
[0;32mI (1597) WifiManager: ‚úÖ Connected to thomas[0m
[0;32mI (1607) ESP32_CAM: ‚úÖ Reconnected to: [0m
[1;31mE (1607) wifi:sta is connecting, cannot set config[0m
[1;31mE (1607) WifiManager: Failed to set config: ESP_ERR_WIFI_STATE[0m
[0;33mW (1617) ESP32_CAM: ‚ö†Ô∏è Initial connection failed - WiFi monitor task will keep retrying.[0m
[0;32mI (1627) ESP32_CAM: üéâ Setup complete - system is running.[0m
[0;32mI (1627) main_task: Returned from app_main()[0m
[0;32mI (1647) wifi:new:<11,0>, old:<1,0>, ap:<255,255>, sta:<11,0>, prof:1, snd_ch_cfg:0x0[0m
[0;32mI (1647) wifi:state: init -> auth (0xb0)[0m
[0;32mI (2647) wifi:state: auth -> init (0x200)[0m
[0;32mI (2657) wifi:new:<11,0>, old:<11,0>, ap:<255,255>, sta:<11,0>, prof:1, snd_ch_cfg:0x0[0m
[0;33mW (2657) WifiManager: Disconnected from Wi-Fi. Retrying...[0m
[0;33mW (5067) WifiManager: Disconnected from Wi-Fi. Retrying...[0m
[0;32mI (5117) wifi:new:<11,0>, old:<11,0>, ap:<255,255>, sta:<11,0>, prof:1, snd_ch_cfg:0x0[0m
[0;32mI (5117) wifi:state: init -> auth (0xb0)[0m
[0;32mI (5177) wifi:state: auth -> assoc (0x0)[0m
[0;32mI (5247) wifi:state: assoc -> run (0x10)[0m
[0;32mI (5277) wifi:connected with thomas, aid = 5, channel 11, BW20, bssid = 92:a5:3b:33:1f:f2[0m
[0;32mI (5277) wifi:security: WPA2-PSK, phy: bgn, rssi: -48[0m
[0;32mI (5287) wifi:pm start, type: 1[0m

[0;32mI (5287) wifi:dp: 1, bi: 102400, li: 3, scale listen interval from 307200 us to 307200 us[0m
[0;32mI (5297) wifi:set rx beacon pti, rx_bcn_pti: 0, bcn_timeout: 25000, mt_pti: 0, mt_time: 10000[0m
[0;32mI (5327) wifi:dp: 2, bi: 102400, li: 4, scale listen interval from 307200 us to 409600 us[0m
[0;32mI (5327) wifi:AP's beacon interval = 102400 us, DTIM period = 2[0m
[0;32mI (6357) esp_netif_handlers: sta ip: 10.99.7.251, mask: 255.255.255.0, gw: 10.99.7.151[0m
[0;32mI (6357) WifiManager: Got IP address: 10.99.7.251[0m
[0;32mI (6367) ESP32_CAM: üì∂ Wi-Fi reconnected! Setting up UDP and camera task...[0m
[0;33mW (6367) ESP32_CAM: Failed to set send buffer: Protocol not available[0m
[0;33mW (6367) ESP32_CAM: Failed to set recv buffer: Protocol not available[0m
[0;32mI (6377) ESP32_CAM: ‚úÖ UDP socket optimized for 10.99.7.197:12345 (15 FPS streaming)[0m
[0;32mI (6377) NTP: Initialisation NTP[0m
[0;32mI (6387) ESP32_CAM: üì∑ Camera task created[0m
[0;32mI (6387) ESP32_CAM: üé¨ Starting optimized 15 FPS streaming[0m
[1;31mE (6457) CAMERA: Erreur sendto() pour le chunk 3 de la frame 0[0m
[0;32mI (9687) wifi:<ba-add>idx:0 (ifx:0, 92:a5:3b:33:1f:f2), tid:0, ssn:4, winSize:64[0m
[0;32mI (9737) NTP: NTP synchronis√©[0m
[0;33mW (10457) cam_hal: Failed to get frame: timeout[0m
[1;31mE (10457) CAMERA: √âchec de la capture d'image (fb_get).[0m
[0;33mW (14517) cam_hal: Failed to get frame: timeout[0m
[1;31mE (14517) CAMERA: √âchec de la capture d'image (fb_get).[0m
[0;33mW (18597) cam_hal: Failed to get frame: timeout[0m
[1;31mE (18597) CAMERA: √âchec de la capture d'image (fb_get).[0m
[0;33mW (22677) cam_hal: Failed to get frame: timeout[0m
[1;31mE (22677) CAMERA: √âchec de la capture d'image (fb_get).[0m
[0;33mW (26757) cam_hal: Failed to get frame: timeout[0m
[1;31mE (26757) CAMERA: √âchec de la capture d'image (fb_get).[0m
[0;33mW (30837) cam_hal: Failed to get frame: timeout[0m
[1;31mE (30837) CAMERA: √âchec de la capture d'image (fb_get).[0m
